// Jest Snapshot v1, https://goo.gl/fbAQLP

exports[`EventStream.errors passes only errors 1`] = `
Array [
  Error {
    "error": "tsers",
  },
  Error {
    "error": "fuk",
  },
  End {},
]
`;

exports[`Property.errors passes only errors 1`] = `
Array [
  Error {
    "error": "tsers",
  },
  Error {
    "error": "fuk",
  },
  End {},
]
`;
