// Jest Snapshot v1, https://goo.gl/fbAQLP

exports[`fromArray emits its value only one time 1`] = `
Array [
  Object {
    "s": "a",
    "x": Next {
      "value": "lol",
    },
  },
  Object {
    "s": "a",
    "x": Next {
      "value": "bal",
    },
  },
  Object {
    "s": "a",
    "x": End {},
  },
  Object {
    "s": "b",
    "x": End {},
  },
]
`;

exports[`fromArray is async 1`] = `
Array [
  Sync {},
  Next {
    "value": "lol",
  },
  Next {
    "value": "bal",
  },
  End {},
]
`;

exports[`fromArray is multicasted 1`] = `
Array [
  Object {
    "s": "b",
    "x": Next {
      "value": "lol",
    },
  },
  Object {
    "s": "a",
    "x": Next {
      "value": "lol",
    },
  },
  Object {
    "s": "b",
    "x": Next {
      "value": "bal",
    },
  },
  Object {
    "s": "a",
    "x": Next {
      "value": "bal",
    },
  },
  Object {
    "s": "b",
    "x": End {},
  },
  Object {
    "s": "a",
    "x": End {},
  },
]
`;
